// Jest Snapshot v1, https://goo.gl/fbAQLP

exports[`LineOrQuadraticCurve renders correctly 1`] = `
<Shape
  sceneFunc={[Function]}
  stroke="red"
  strokeWidth={3}
/>
`;
