// Jest Snapshot v1, https://goo.gl/fbAQLP

exports[`VirtualButton renders correctly 1`] = `
<button
  className="testClass"
  name="testButton"
  onClick={[Function]}
>
  Test
</button>
`;
